
Memory Configuration

Name             Origin             Length             Attributes
FLASH            0x0000000008000000 0x0000000000080000 xr
SRAM             0x0000000020000000 0x0000000000020000 xrw
*default*        0x0000000000000000 0xffffffffffffffff

Linker script and memory map

LOAD led.o
LOAD main.o
LOAD stm32_startup.o

.text           0x0000000008000000      0x218
 *(.isr_vector)
 .isr_vector    0x0000000008000000      0x124 stm32_startup.o
                0x0000000008000000                vectors
 *(.text)
 .text          0x0000000008000124       0x98 led.o
                0x0000000008000124                delay
                0x0000000008000130                led_on
                0x0000000008000148                led_off
                0x0000000008000164                led_init_all
 .text          0x00000000080001bc        0x4 main.o
                0x00000000080001bc                main
 .text          0x00000000080001c0       0x50 stm32_startup.o
                0x00000000080001c0                RTC_Alarm_IRQHandler
                0x00000000080001c0                EXTI2_IRQHandler
                0x00000000080001c0                DebugMon_Handler
                0x00000000080001c0                SPI4_IRQHandler
                0x00000000080001c0                TIM1_CC_IRQHandler
                0x00000000080001c0                DMA2_Stream5_IRQHandler
                0x00000000080001c0                HardFault_Handler
                0x00000000080001c0                DMA1_Stream5_IRQHandler
                0x00000000080001c0                SysTick_Handler
                0x00000000080001c0                PVD_IRQHandler
                0x00000000080001c0                SDIO_IRQHandler
                0x00000000080001c0                TAMP_STAMP_IRQHandler
                0x00000000080001c0                PendSV_Handler
                0x00000000080001c0                NMI_Handler
                0x00000000080001c0                EXTI3_IRQHandler
                0x00000000080001c0                TIM1_UP_TIM10_IRQHandler
                0x00000000080001c0                I2C3_ER_IRQHandler
                0x00000000080001c0                EXTI0_IRQHandler
                0x00000000080001c0                I2C2_EV_IRQHandler
                0x00000000080001c0                DMA1_Stream2_IRQHandler
                0x00000000080001c0                FPU_IRQHandler
                0x00000000080001c0                UsageFault_Handler
                0x00000000080001c0                DMA2_Stream2_IRQHandler
                0x00000000080001c0                SPI1_IRQHandler
                0x00000000080001c0                TIM1_BRK_TIM9_IRQHandler
                0x00000000080001c0                DMA2_Stream3_IRQHandler
                0x00000000080001c0                USART6_IRQHandler
                0x00000000080001c0                DMA2_Stream0_IRQHandler
                0x00000000080001c0                TIM4_IRQHandler
                0x00000000080001c0                I2C1_EV_IRQHandler
                0x00000000080001c0                DMA1_Stream6_IRQHandler
                0x00000000080001c0                DMA1_Stream1_IRQHandler
                0x00000000080001c0                TIM3_IRQHandler
                0x00000000080001c0                RCC_IRQHandler
                0x00000000080001c0                Default_Handler
                0x00000000080001c0                EXTI15_10_IRQHandler
                0x00000000080001c0                ADC_IRQHandler
                0x00000000080001c0                DMA1_Stream7_IRQHandler
                0x00000000080001c0                SPI5_IRQHandler
                0x00000000080001c0                TIM5_IRQHandler
                0x00000000080001c0                DMA2_Stream7_IRQHandler
                0x00000000080001c0                I2C3_EV_IRQHandler
                0x00000000080001c0                EXTI9_5_IRQHandler
                0x00000000080001c0                RTC_WKUP_IRQHandler
                0x00000000080001c0                SPI2_IRQHandler
                0x00000000080001c0                MemManage_Handler
                0x00000000080001c0                DMA1_Stream0_IRQHandler
                0x00000000080001c0                SVC_Handler
                0x00000000080001c0                EXTI4_IRQHandler
                0x00000000080001c0                WWDG_IRQHandler
                0x00000000080001c0                TIM2_IRQHandler
                0x00000000080001c0                OTG_FS_WKUP_IRQHandler
                0x00000000080001c0                TIM1_TRG_COM_TIM11_IRQHandler
                0x00000000080001c0                EXTI1_IRQHandler
                0x00000000080001c0                USART2_IRQHandler
                0x00000000080001c0                I2C2_ER_IRQHandler
                0x00000000080001c0                DMA2_Stream1_IRQHandler
                0x00000000080001c0                FLASH_IRQHandler
                0x00000000080001c0                DMA2_Stream4_IRQHandler
                0x00000000080001c0                BusFault_Handler
                0x00000000080001c0                USART1_IRQHandler
                0x00000000080001c0                OTG_FS_IRQHandler
                0x00000000080001c0                SPI3_IRQHandler
                0x00000000080001c0                DMA1_Stream4_IRQHandler
                0x00000000080001c0                I2C1_ER_IRQHandler
                0x00000000080001c0                DMA2_Stream6_IRQHandler
                0x00000000080001c0                DMA1_Stream3_IRQHandler
                0x00000000080001c2                Reset_Handler
 *(.rodata)
 .rodata        0x0000000008000210        0x8 main.o
                0x0000000008000210                a2
                0x0000000008000214                a1
                0x0000000008000218                . = ALIGN (0x4)
                0x0000000008000218                _etext = .
                0x0000000008000218                _la_data = LOADADDR (.data)

.glue_7         0x0000000008000218        0x0
 .glue_7        0x0000000008000218        0x0 linker stubs

.glue_7t        0x0000000008000218        0x0
 .glue_7t       0x0000000008000218        0x0 linker stubs

.vfp11_veneer   0x0000000008000218        0x0
 .vfp11_veneer  0x0000000008000218        0x0 linker stubs

.v4_bx          0x0000000008000218        0x0
 .v4_bx         0x0000000008000218        0x0 linker stubs

.iplt           0x0000000008000218        0x0
 .iplt          0x0000000008000218        0x0 led.o

.rel.dyn        0x0000000008000218        0x0
 .rel.iplt      0x0000000008000218        0x0 led.o

.data           0x0000000020000000        0x0 load address 0x0000000008000218
                0x0000000020000000                _sdata = .
 *(.data)
 .data          0x0000000020000000        0x0 led.o
 .data          0x0000000020000000        0x0 main.o
 .data          0x0000000020000000        0x0 stm32_startup.o
                0x0000000020000000                . = ALIGN (0x4)
                0x0000000020000000                _edata = .

.igot.plt       0x0000000020000000        0x0 load address 0x0000000008000218
 .igot.plt      0x0000000020000000        0x0 led.o

.bss            0x0000000020000000        0x0 load address 0x0000000008000218
                0x0000000020000000                _sbss = .
 *(.bss)
 .bss           0x0000000020000000        0x0 led.o
 .bss           0x0000000020000000        0x0 main.o
 .bss           0x0000000020000000        0x0 stm32_startup.o
 *(COMMON)
                0x0000000020000000                . = ALIGN (0x4)
                0x0000000020000000                _ebss = .
OUTPUT(final.elf elf32-littlearm)
LOAD linker stubs

.comment        0x0000000000000000       0x49
 .comment       0x0000000000000000       0x49 led.o
                                         0x4a (size before relaxing)
 .comment       0x0000000000000049       0x4a main.o
 .comment       0x0000000000000049       0x4a stm32_startup.o

.ARM.attributes
                0x0000000000000000       0x2e
 .ARM.attributes
                0x0000000000000000       0x2e led.o
 .ARM.attributes
                0x000000000000002e       0x2e main.o
 .ARM.attributes
                0x000000000000005c       0x2e stm32_startup.o
